//Cambio de unidad de almacenamiento

Select * from tablaa;
select * from tablab;

select a.nombre, b.nombre from tablaa a inner join tablab b on a.nombre=b.nombre;

select a.nombre, b.nombre from tablaa a left join tablab on a.nombre = b.nombre;

select a.nombre, b.nombre from tablaa a right join tablab b on a.nombre = b.nombre;

select a.nombre, b.nombre from tablaa a right join tablab b on a.nombre = b.nombre where a.nombre is null;

select a.nombre, b.nombre from tablaa a right join tablab b on a.nombre = b.nombre where a.nombre is not null;

tabla alumnos
id_alumno
nombre
3 alumnos
tabla materias
id_materia
nombre
3 materias
tabla inscripciones
id
id_alumno
id_materia
2 inscrpciones	


MySQL Shell 8.0.15

Copyright (c) 2016, 2019, Oracle and/or its affiliates. All rights reserved.
Oracle is a registered trademark of Oracle Corporation and/or its affiliates.
Other names may be trademarks of their respective owners.

Type '\help' or '\?' for help; '\quit' to exit.

 MySQL  JS > \sql
Switching to SQL mode... Commands end with ;

 MySQL  SQL > \connect --mc root@ocalhost
Creating a Classic session to 'root@ocalhost'
Please provide the password for 'root@ocalhost': ****
MySQL Error 2005 (HY000): Unknown MySQL server host 'ocalhost' (2)

 MySQL  SQL > \connect --mc root@localhost
Creating a Classic session to 'root@localhost'
Please provide the password for 'root@localhost': ****
Save password for 'root@localhost'? [Y]es/[N]o/Ne[v]er (default No): n
Fetching schema names for autocompletion... Press ^C to stop.
Your MySQL connection id is 8
Server version: 8.0.15 MySQL Community Server - GPL
No default schema selected; type \use <schema> to set one.

 MySQL  localhost:3306 ssl  SQL > show tables
                               -> ;
ERROR: 1046 (3D000): No database selected

 MySQL  localhost:3306 ssl  SQL > show databases;
+--------------------+
| Database           |
+--------------------+
| eva_2              |
| information_schema |
| mysql              |
| performance_schema |
| sakila             |
| sys                |
| world              |
+--------------------+
7 rows in set (0.0008 sec)

 MySQL  localhost:3306 ssl  SQL > use eva_2;
Default schema set to `eva_2`.
Fetching table and column names from `eva_2` for auto-completion... Press ^C to stop.

 MySQL  localhost:3306 ssl  eva_2  SQL > create table alumnos(
                                      -> int id_alumno key auto_increment,
                                      -> nombre varchar(50));
ERROR: 1064 (42000): You have an error in your SQL syntax; check the manual that corresponds to your MySQL server version for the right syntax to use near 'int id_alumno key auto_increment,
nombre varchar(50))' at line 2

 MySQL  localhost:3306 ssl  eva_2  SQL > create table alumnos(id_alumno int key auto_increment, nombre varchar(50));
Query OK, 0 rows affected (0.0942 sec)

 MySQL  localhost:3306 ssl  eva_2  SQL > create table materiass(id_materias int key auto_increment, nombre varchar(50));
Query OK, 0 rows affected (0.0601 sec)

 MySQL  localhost:3306 ssl  eva_2  SQL > create table inscripciones(
                                      -> id int key auto_increment,
                                      -> id_alumnos int
                                      -> id_materias int);
ERROR: 1064 (42000): You have an error in your SQL syntax; check the manual that corresponds to your MySQL server version for the right syntax to use near 'id_materias int)' at line 4

 MySQL  localhost:3306 ssl  eva_2  SQL > drop table materiass
                                      -> ;
Query OK, 0 rows affected (0.0320 sec)

 MySQL  localhost:3306 ssl  eva_2  SQL > create table materias(id_materia int key auto_increment, nombre varchar(50));
Query OK, 0 rows affected (0.0611 sec)

 MySQL  localhost:3306 ssl  eva_2  SQL > insert into alumnos (nombre) values
                                      -> ('Yo'),('Merengues'),('pues'),('quien'),('mas');
Query OK, 5 rows affected (0.0136 sec)

Records: 5  Duplicates: 0  Warnings: 0

 MySQL  localhost:3306 ssl  eva_2  SQL > insert into materias (nombre) values
                                      -> ('EDD'),('TBB'),('Relleno1');
Query OK, 3 rows affected (0.0066 sec)

Records: 3  Duplicates: 0  Warnings: 0

 MySQL  localhost:3306 ssl  eva_2  SQL > insert into incripciones (id_alumnos,materias) values
                                      -> (1,1)(2,2);
ERROR: 1064 (42000): You have an error in your SQL syntax; check the manual that corresponds to your MySQL server version for the right syntax to use near '(2,2)' at line 2

 MySQL  localhost:3306 ssl  eva_2  SQL > insert into incripciones (id_alumnos,id_materia) values (1,1)(2,2);
ERROR: 1064 (42000): You have an error in your SQL syntax; check the manual that corresponds to your MySQL server version for the right syntax to use near '(2,2)' at line 1

 MySQL  localhost:3306 ssl  eva_2  SQL > insert into incripciones (id_alumnos,id_materias) values (1,1)(2,2);
ERROR: 1064 (42000): You have an error in your SQL syntax; check the manual that corresponds to your MySQL server version for the right syntax to use near '(2,2)' at line 1

 MySQL  localhost:3306 ssl  eva_2  SQL > insert into incripciones (id_alumnos,id_materia) values (1,1),(2,2);
ERROR: 1146 (42S02): Table 'eva_2.incripciones' doesn't exist

 MySQL  localhost:3306 ssl  eva_2  SQL > insert into inscripciones (id_alumnos,id_materia) values (1,1),(2,2);
ERROR: 1146 (42S02): Table 'eva_2.inscripciones' doesn't exist

 MySQL  localhost:3306 ssl  eva_2  SQL > insert into inscripciones (id_alumnos,id_materia) values (1,1),(2,2);
ERROR: 1146 (42S02): Table 'eva_2.inscripciones' doesn't exist

 MySQL  localhost:3306 ssl  eva_2  SQL > create table inscripciones( id int key auto_increment, id_alumnos, int id_materia int);
ERROR: 1064 (42000): You have an error in your SQL syntax; check the manual that corresponds to your MySQL server version for the right syntax to use near ', int id_materia int)' at line 1

 MySQL  localhost:3306 ssl  eva_2  SQL > create table inscripciones( id int key auto_increment, id_alumnos int, id_materia int);
Query OK, 0 rows affected (0.0658 sec)

 MySQL  localhost:3306 ssl  eva_2  SQL > insert into inscripciones (id_alumnos,id_materia) values (1,1),(2,2);
Query OK, 2 rows affected (0.0100 sec)

Records: 2  Duplicates: 0  Warnings: 0

 MySQL  localhost:3306 ssl  eva_2  SQL > select a.nombre, b.nombre as materia from alumnos inner join inscripciones c on a.nombre = c.nombre
                                      -> i;nner join materias c on
ERROR: 1064 (42000): You have an error in your SQL syntax; check the manual that corresponds to your MySQL server version for the right syntax to use near 'i' at line 2

                                      -> select a.nombre as Alumnos, c.nomrbe as Materias
                                      -> from alumnos inner join inscripciones b on a.id_alumno = b.id_alumnos
                                      -> inner join materias b on b.id_materia = c.id_materias;
ERROR: 1064 (42000): You have an error in your SQL syntax; check the manual that corresponds to your MySQL server version for the right syntax to use near 'nner join materias c on
select a.nombre as Alumnos, c.nomrbe as Materias
from al' at line 1

 MySQL  localhost:3306 ssl  eva_2  SQL > nner join materias c on select a.nombre as Alumnos, c.nomrbe as Materias from alumnos inner join inscripciones b on a.id_alumno = b.id_alumnos inner join materias c on c.id_materia = b.id_materias;
ERROR: 1064 (42000): You have an error in your SQL syntax; check the manual that corresponds to your MySQL server version for the right syntax to use near 'nner join materias c on select a.nombre as Alumnos, c.nomrbe as Materias from al' at line 1

 MySQL  localhost:3306 ssl  eva_2  SQL > nner join materias c on select a.nombre as Alumnos, c.nomrbe as Materias from alumnos a inner join inscripciones b on a.id_alumno = b.id_alumnos inner join materias c on c.id_materia = b.id_materias;
ERROR: 1064 (42000): You have an error in your SQL syntax; check the manual that corresponds to your MySQL server version for the right syntax to use near 'nner join materias c on select a.nombre as Alumnos, c.nomrbe as Materias from al' at line 1

 MySQL  localhost:3306 ssl  eva_2  SQL > select a.nombre as Alumnos, c.nombre as Materias from alumnos a inner join inscripciones b on a.id_alumno = b.id_alumnos
                                      -> inner join materias c on c.id_materia = b.materia;
ERROR: 1054 (42S22): Unknown column 'b.materia' in 'on clause'

 MySQL  localhost:3306 ssl  eva_2  SQL > select a.nombre as Alumnos, c.nombre as Materias from alumnos a inner join inscripciones b on a.id_alumno = b.id_alumnos inner join materias c on c.id_materia = b.id_materia;
+-----------+----------+
| Alumnos   | Materias |
+-----------+----------+
| Yo        | EDD      |
| Merengues | TBB      |
+-----------+----------+
2 rows in set (0.0007 sec)

 MySQL  localhost:3306 ssl  eva_2  SQL > select a.nombre as Alumnos, c.nombre as Materias from alumnos a left join inscripciones b on a.id_alumno = b.id_alumnos left join materias c on c.id_materia = b.id_materia;
+-----------+----------+
| Alumnos   | Materias |
+-----------+----------+
| Yo        | EDD      |
| Merengues | TBB      |
| pues      | NULL     |
| quien     | NULL     |
| mas       | NULL     |
+-----------+----------+
5 rows in set (0.0006 sec)

 MySQL  localhost:3306 ssl  eva_2  SQL > select a.nombre as Alumnos, c.nombre as Materias from alumnos a left join inscripciones b on a.id_alumno = b.id_alumnos left join materias c on c.id_materia = b.id_materia c.nombre id null;
ERROR: 1064 (42000): You have an error in your SQL syntax; check the manual that corresponds to your MySQL server version for the right syntax to use near 'c.nombre id null' at line 1

 MySQL  localhost:3306 ssl  eva_2  SQL > select a.nombre as Alumnos, c.nombre as Materias from alumnos a left join inscripciones b on a.id_alumno = b.id_alumnos left join materias c on c.id_materia = b.id_materia c.nombre is null;
ERROR: 1064 (42000): You have an error in your SQL syntax; check the manual that corresponds to your MySQL server version for the right syntax to use near 'c.nombre is null' at line 1

 MySQL  localhost:3306 ssl  eva_2  SQL > select a.nombre as Alumnos, c.nombre as Materias from alumnos a left join inscripciones b on a.id_alumno = b.id_alumnos left join materias c on c.id_materia = b.id_materia c.nombre where is null;
ERROR: 1064 (42000): You have an error in your SQL syntax; check the manual that corresponds to your MySQL server version for the right syntax to use near 'c.nombre where is null' at line 1

 MySQL  localhost:3306 ssl  eva_2  SQL > select a.nombre as Alumnos, c.nombre as Materias from alumnos a left join inscripciones b on a.id_alumno = b.id_alumnos left join materias c on c.id_materia = b.id_materia where c.nombre is null;
+---------+----------+
| Alumnos | Materias |
+---------+----------+
| pues    | NULL     |
| quien   | NULL     |
| mas     | NULL     |
+---------+----------+
3 rows in set (0.0005 sec)

 MySQL  localhost:3306 ssl  eva_2  SQL > select a.nombre as Alumnos, c.nombre as Materias from alumnos a right join inscripciones b on a.id_alumno = b.id_alumnos right join materias c on c.id_materia = b.id_materia;
+-----------+----------+
| Alumnos   | Materias |
+-----------+----------+
| Yo        | EDD      |
| Merengues | TBB      |
| NULL      | Relleno1 |
+-----------+----------+
3 rows in set (0.0005 sec)

 MySQL  localhost:3306 ssl  eva_2  SQL > select a.nombre as Alumnos, c.nombre as Materias from alumnos a right join inscripciones b on a.id_alumno = b.id_alumnos right join materias c on c.id_materia = b.id_materia where a.nombre is null;
+---------+----------+
| Alumnos | Materias |
+---------+----------+
| NULL    | Relleno1 |
+---------+----------+
1 row in set (0.0006 sec)

 MySQL  localhost:3306 ssl  eva_2  SQL > select a.nombre as Alumnos, c.nombre as Materias from alumnos a left join inscripciones b on a.id_alumno = b.id_alumnos left join materias c on c.id_materia = b.id_materia where c.nombre is null
                                      -> union
                                      -> select a.nombre as Alumnos, c.nombre as Materias from alumnos a right join inscripciones b on a.id_alumno = b.id_alumnos right join materias c on c.id_materia = b.id_materia where a.nombre is null;
+---------+----------+
| Alumnos | Materias |
+---------+----------+
| pues    | NULL     |
| quien   | NULL     |
| mas     | NULL     |
| NULL    | Relleno1 |
+---------+----------+
4 rows in set (0.0040 sec)

 MySQL  localhost:3306 ssl  eva_2  SQL >

